* ******************************************************************************

* iCEcube Report

* Version:            2014.12.27052

* Build Date:         Dec  8 2014 15:01:30

* File Generated:     Jun 17 2015 19:42:39

* Purpose:            General info of design implementation

* Copyright (C) 2006-2010 by Lattice Semiconductor Corp. All rights reserved.

* ******************************************************************************

Synthesis/Placement Summary:
----------------------------
    Status:  Successful
    Runtime: 1 seconds

Device Info:
------------
    Device Family: iCE40
    Device:        iCE40HX1K
    Package:       TQ144

Design statistics:
------------------
    FFs:                  30
    LUTs:                 184
    RAMs:                 0
    IOBs:                 7
    GBs:                  1
    PLLs:                 1
    Warm Boots:           0

Logic Resource Utilization:
---------------------------
    Total Logic Cells: 198/1280
        Combinational Logic Cells: 168      out of   1280      13.125%
        Sequential Logic Cells:    30       out of   1280      2.34375%
        Logic Tiles:               35       out of   160       21.875%
    Registers: 
        Logic Registers:           30       out of   1280      2.34375%
        IO Registers:              0        out of   560       0
    Block RAMs:                    0        out of   16        0%
    Warm Boots:                    0        out of   1         0%
    Pins:
        Input Pins:                1        out of   96        1.04167%
        Output Pins:               6        out of   96        6.25%
        InOut Pins:                0        out of   96        0%
    Global Buffers:                1        out of   8         12.5%
    PLLs:                          1        out of   1         100%

IO Bank Utilization:
--------------------
    Bank 3: 1        out of   24        4.16667%
    Bank 1: 0        out of   25        0%
    Bank 0: 3        out of   23        13.0435%
    Bank 2: 3        out of   24        12.5%

Detailed I/O Info:
------------------
    Input Pins: 
    Pin Number  Direction  IO Standard  Pull Up  IO Bank  IO Function    Signal Name 
    ----------  ---------  -----------  -------  -------  -----------    ----------- 
    21          Input      SB_LVCMOS    No       3        Simple Input   Clock12MHz  

    Output Pins: 
    Pin Number  Direction  IO Standard  Pull Up  IO Bank  IO Function    Signal Name 
    ----------  ---------  -----------  -------  -------  -----------    ----------- 
    60          Output     SB_LVCMOS    No       2        Simple Output  VSync       
    61          Output     SB_LVCMOS    No       2        Simple Output  HSync       
    62          Output     SB_LVCMOS    No       2        Simple Output  Pixel       
    112         Output     SB_LVCMOS    No       0        Simple Output  PixelDebug  
    113         Output     SB_LVCMOS    No       0        Simple Output  HSyncDebug  
    114         Output     SB_LVCMOS    No       0        Simple Output  VSyncDebug  

Detailed Global Buffer Info:
----------------------------
    Buffer Number  IO Bank  Driven By  Fanout  Signal Name   
    -------------  -------  ---------  ------  -----------   
    3              3                   30      PixelClock_g  
