# Synopsys Constraint Checker(syntax only), version maplat, Build 1061R, built Nov 12 2014
# Copyright (C) 1994-2014, Synopsys, Inc. This software and the associated documentation are proprietary to Synopsys, Inc. This software may only be used in accordance with the terms and conditions of a written license agreement with Synopsys, Inc.  All other use, reproduction, or distribution of this software is strictly prohibited.

# Written on Wed Jun 17 17:50:39 2015


##### DESIGN INFO #######################################################

Top View:                "SimpleVGA"
Constraint File(s):      (none)

#Run constraint checker to find more issues with constraints.
#########################################################################



No issues found in constraint syntax.



Clock Summary
**************

Start                            Requested     Requested     Clock                                   Clock                
Clock                            Frequency     Period        Type                                    Group                
--------------------------------------------------------------------------------------------------------------------------
PLL|PLLOUTCORE_derived_clock     185.0 MHz     5.405         derived (from SimpleVGA|Clock12MHz)     Autoconstr_clkgroup_0
SimpleVGA|Clock12MHz             44.2 MHz      22.633        inferred                                Autoconstr_clkgroup_0
System                           1.0 MHz       1000.000      system                                  system_clkgroup      
==========================================================================================================================
