* ******************************************************************************

* iCEcube Report

* Version:            2014.12.27052

* Build Date:         Dec  8 2014 15:01:30

* File Generated:     Jun 17 2015 18:20:35

* Purpose:            General info of design implementation

* Copyright (C) 2006-2010 by Lattice Semiconductor Corp. All rights reserved.

* ******************************************************************************

Synthesis/Placement Summary:
----------------------------
    Status:  Successful
    Runtime: 1 seconds

Device Info:
------------
    Device Family: iCE40
    Device:        iCE40HX1K
    Package:       TQ144

Design statistics:
------------------
    FFs:                  24
    LUTs:                 149
    RAMs:                 0
    IOBs:                 7
    GBs:                  1
    PLLs:                 1
    Warm Boots:           0

Logic Resource Utilization:
---------------------------
    Total Logic Cells: 165/1280
        Combinational Logic Cells: 141      out of   1280      11.0156%
        Sequential Logic Cells:    24       out of   1280      1.875%
        Logic Tiles:               28       out of   160       17.5%
    Registers: 
        Logic Registers:           24       out of   1280      1.875%
        IO Registers:              0        out of   560       0
    Block RAMs:                    0        out of   16        0%
    Warm Boots:                    0        out of   1         0%
    Pins:
        Input Pins:                1        out of   96        1.04167%
        Output Pins:               6        out of   96        6.25%
        InOut Pins:                0        out of   96        0%
    Global Buffers:                1        out of   8         12.5%
    PLLs:                          1        out of   1         100%

IO Bank Utilization:
--------------------
    Bank 3: 1        out of   24        4.16667%
    Bank 1: 0        out of   25        0%
    Bank 0: 3        out of   23        13.0435%
    Bank 2: 3        out of   24        12.5%

Detailed I/O Info:
------------------
    Input Pins: 
    Pin Number  Direction  IO Standard  Pull Up  IO Bank  IO Function    Signal Name 
    ----------  ---------  -----------  -------  -------  -----------    ----------- 
    21          Input      SB_LVCMOS    No       3        Simple Input   Clock12MHz  

    Output Pins: 
    Pin Number  Direction  IO Standard  Pull Up  IO Bank  IO Function    Signal Name 
    ----------  ---------  -----------  -------  -------  -----------    ----------- 
    60          Output     SB_LVCMOS    No       2        Simple Output  VSync       
    61          Output     SB_LVCMOS    No       2        Simple Output  HSync       
    62          Output     SB_LVCMOS    No       2        Simple Output  Pixel       
    112         Output     SB_LVCMOS    No       0        Simple Output  PixelDebug  
    113         Output     SB_LVCMOS    No       0        Simple Output  HSyncDebug  
    114         Output     SB_LVCMOS    No       0        Simple Output  VSyncDebug  

Detailed Global Buffer Info:
----------------------------
    Buffer Number  IO Bank  Driven By  Fanout  Signal Name   
    -------------  -------  ---------  ------  -----------   
    3              3                   24      PixelClock_g  


Router Summary:
---------------
    Status:  Successful
    Runtime: 4 seconds

Routing Resource Utilization:
-----------------------------
              Local line of tile     1014 out of  28666      3.53729%
                          Span 4       77 out of   6944      1.10887%
                         Span 12        9 out of   1440      0.625%
                  Global network        1 out of      8      12.5%
      Vertical Inter-LUT Connect       21 out of   1120      1.875%

